Archive member included because of file (symbol)

/home/marco/ARMToolchain/gcc-arm-none-eabi-4_9-2015q2/bin/../lib/gcc/arm-none-eabi/4.9.3/../../../../arm-none-eabi/lib/armv6-m/libc_nano.a(lib_a-exit.o)
                              /home/marco/ARMToolchain/gcc-arm-none-eabi-4_9-2015q2/bin/../lib/gcc/arm-none-eabi/4.9.3/../../../../arm-none-eabi/lib/armv6-m/crt0.o (exit)
/home/marco/ARMToolchain/gcc-arm-none-eabi-4_9-2015q2/bin/../lib/gcc/arm-none-eabi/4.9.3/../../../../arm-none-eabi/lib/armv6-m/libc_nano.a(lib_a-impure.o)
                              /home/marco/ARMToolchain/gcc-arm-none-eabi-4_9-2015q2/bin/../lib/gcc/arm-none-eabi/4.9.3/../../../../arm-none-eabi/lib/armv6-m/libc_nano.a(lib_a-exit.o) (_global_impure_ptr)
/home/marco/ARMToolchain/gcc-arm-none-eabi-4_9-2015q2/bin/../lib/gcc/arm-none-eabi/4.9.3/../../../../arm-none-eabi/lib/armv6-m/libc_nano.a(lib_a-init.o)
                              /home/marco/ARMToolchain/gcc-arm-none-eabi-4_9-2015q2/bin/../lib/gcc/arm-none-eabi/4.9.3/../../../../arm-none-eabi/lib/armv6-m/crt0.o (__libc_init_array)
/home/marco/ARMToolchain/gcc-arm-none-eabi-4_9-2015q2/bin/../lib/gcc/arm-none-eabi/4.9.3/../../../../arm-none-eabi/lib/armv6-m/libc_nano.a(lib_a-memset.o)
                              /home/marco/ARMToolchain/gcc-arm-none-eabi-4_9-2015q2/bin/../lib/gcc/arm-none-eabi/4.9.3/../../../../arm-none-eabi/lib/armv6-m/crt0.o (memset)
/home/marco/ARMToolchain/gcc-arm-none-eabi-4_9-2015q2/bin/../lib/gcc/arm-none-eabi/4.9.3/../../../../arm-none-eabi/lib/armv6-m/libnosys.a(_exit.o)
                              /home/marco/ARMToolchain/gcc-arm-none-eabi-4_9-2015q2/bin/../lib/gcc/arm-none-eabi/4.9.3/../../../../arm-none-eabi/lib/armv6-m/libc_nano.a(lib_a-exit.o) (_exit)
/home/marco/ARMToolchain/gcc-arm-none-eabi-4_9-2015q2/bin/../lib/gcc/arm-none-eabi/4.9.3/armv6-m/libgcc.a(_udivsi3.o)
                              _build/pstorage.o (__aeabi_uidiv)
/home/marco/ARMToolchain/gcc-arm-none-eabi-4_9-2015q2/bin/../lib/gcc/arm-none-eabi/4.9.3/armv6-m/libgcc.a(_divsi3.o)
                              _build/pstorage.o (__aeabi_idiv)
/home/marco/ARMToolchain/gcc-arm-none-eabi-4_9-2015q2/bin/../lib/gcc/arm-none-eabi/4.9.3/armv6-m/libgcc.a(_dvmd_tls.o)
                              /home/marco/ARMToolchain/gcc-arm-none-eabi-4_9-2015q2/bin/../lib/gcc/arm-none-eabi/4.9.3/armv6-m/libgcc.a(_udivsi3.o) (__aeabi_idiv0)
/home/marco/ARMToolchain/gcc-arm-none-eabi-4_9-2015q2/bin/../lib/gcc/arm-none-eabi/4.9.3/../../../../arm-none-eabi/lib/armv6-m/libc_nano.a(lib_a-memcpy.o)
                              _build/pstorage.o (memcpy)
/home/marco/ARMToolchain/gcc-arm-none-eabi-4_9-2015q2/bin/../lib/gcc/arm-none-eabi/4.9.3/../../../../arm-none-eabi/lib/armv6-m/libc_nano.a(lib_a-strlen.o)
                              _build/ble_srv_common.o (strlen)
/home/marco/ARMToolchain/gcc-arm-none-eabi-4_9-2015q2/bin/../lib/gcc/arm-none-eabi/4.9.3/../../../../arm-none-eabi/lib/armv6-m/libc_nano.a(lib_a-strncmp.o)
                              _build/uart_manager.o (strncmp)
/home/marco/ARMToolchain/gcc-arm-none-eabi-4_9-2015q2/bin/../lib/gcc/arm-none-eabi/4.9.3/../../../../arm-none-eabi/lib/armv6-m/libc_nano.a(lib_a-strncpy.o)
                              _build/conn_manager.o (strncpy)

Allocating common symbols
Common symbol       size              file

__stdin             0x68              _build/retarget.o
__stdout            0x68              _build/retarget.o

Discarded input sections

 .text          0x00000000        0x0 /home/marco/ARMToolchain/gcc-arm-none-eabi-4_9-2015q2/bin/../lib/gcc/arm-none-eabi/4.9.3/armv6-m/crti.o
 .data          0x00000000        0x0 /home/marco/ARMToolchain/gcc-arm-none-eabi-4_9-2015q2/bin/../lib/gcc/arm-none-eabi/4.9.3/armv6-m/crti.o
 .bss           0x00000000        0x0 /home/marco/ARMToolchain/gcc-arm-none-eabi-4_9-2015q2/bin/../lib/gcc/arm-none-eabi/4.9.3/armv6-m/crti.o
 .data          0x00000000        0x4 /home/marco/ARMToolchain/gcc-arm-none-eabi-4_9-2015q2/bin/../lib/gcc/arm-none-eabi/4.9.3/armv6-m/crtbegin.o
 .data          0x00000000        0x0 /home/marco/ARMToolchain/gcc-arm-none-eabi-4_9-2015q2/bin/../lib/gcc/arm-none-eabi/4.9.3/../../../../arm-none-eabi/lib/armv6-m/crt0.o
 .bss           0x00000000        0x0 /home/marco/ARMToolchain/gcc-arm-none-eabi-4_9-2015q2/bin/../lib/gcc/arm-none-eabi/4.9.3/../../../../arm-none-eabi/lib/armv6-m/crt0.o
 .ARM.extab     0x00000000        0x0 /home/marco/ARMToolchain/gcc-arm-none-eabi-4_9-2015q2/bin/../lib/gcc/arm-none-eabi/4.9.3/../../../../arm-none-eabi/lib/armv6-m/crt0.o
 .text          0x00000000        0x0 /home/marco/ARMToolchain/gcc-arm-none-eabi-4_9-2015q2/bin/../lib/gcc/arm-none-eabi/4.9.3/../../../../arm-none-eabi/lib/armv6-m/libc_nano.a(lib_a-exit.o)
 .data          0x00000000        0x0 /home/marco/ARMToolchain/gcc-arm-none-eabi-4_9-2015q2/bin/../lib/gcc/arm-none-eabi/4.9.3/../../../../arm-none-eabi/lib/armv6-m/libc_nano.a(lib_a-exit.o)
 .bss           0x00000000        0x0 /home/marco/ARMToolchain/gcc-arm-none-eabi-4_9-2015q2/bin/../lib/gcc/arm-none-eabi/4.9.3/../../../../arm-none-eabi/lib/armv6-m/libc_nano.a(lib_a-exit.o)
 .text          0x00000000        0x0 /home/marco/ARMToolchain/gcc-arm-none-eabi-4_9-2015q2/bin/../lib/gcc/arm-none-eabi/4.9.3/../../../../arm-none-eabi/lib/armv6-m/libc_nano.a(lib_a-impure.o)
 .data          0x00000000        0x0 /home/marco/ARMToolchain/gcc-arm-none-eabi-4_9-2015q2/bin/../lib/gcc/arm-none-eabi/4.9.3/../../../../arm-none-eabi/lib/armv6-m/libc_nano.a(lib_a-impure.o)
 .bss           0x00000000        0x0 /home/marco/ARMToolchain/gcc-arm-none-eabi-4_9-2015q2/bin/../lib/gcc/arm-none-eabi/4.9.3/../../../../arm-none-eabi/lib/armv6-m/libc_nano.a(lib_a-impure.o)
 .data._impure_ptr
                0x00000000        0x4 /home/marco/ARMToolchain/gcc-arm-none-eabi-4_9-2015q2/bin/../lib/gcc/arm-none-eabi/4.9.3/../../../../arm-none-eabi/lib/armv6-m/libc_nano.a(lib_a-impure.o)
 .text          0x00000000        0x0 /home/marco/ARMToolchain/gcc-arm-none-eabi-4_9-2015q2/bin/../lib/gcc/arm-none-eabi/4.9.3/../../../../arm-none-eabi/lib/armv6-m/libc_nano.a(lib_a-init.o)
 .data          0x00000000        0x0 /home/marco/ARMToolchain/gcc-arm-none-eabi-4_9-2015q2/bin/../lib/gcc/arm-none-eabi/4.9.3/../../../../arm-none-eabi/lib/armv6-m/libc_nano.a(lib_a-init.o)
 .bss           0x00000000        0x0 /home/marco/ARMToolchain/gcc-arm-none-eabi-4_9-2015q2/bin/../lib/gcc/arm-none-eabi/4.9.3/../../../../arm-none-eabi/lib/armv6-m/libc_nano.a(lib_a-init.o)
 .text          0x00000000        0x0 /home/marco/ARMToolchain/gcc-arm-none-eabi-4_9-2015q2/bin/../lib/gcc/arm-none-eabi/4.9.3/../../../../arm-none-eabi/lib/armv6-m/libc_nano.a(lib_a-memset.o)
 .data          0x00000000        0x0 /home/marco/ARMToolchain/gcc-arm-none-eabi-4_9-2015q2/bin/../lib/gcc/arm-none-eabi/4.9.3/../../../../arm-none-eabi/lib/armv6-m/libc_nano.a(lib_a-memset.o)
 .bss           0x00000000        0x0 /home/marco/ARMToolchain/gcc-arm-none-eabi-4_9-2015q2/bin/../lib/gcc/arm-none-eabi/4.9.3/../../../../arm-none-eabi/lib/armv6-m/libc_nano.a(lib_a-memset.o)
 .text          0x00000000        0x0 /home/marco/ARMToolchain/gcc-arm-none-eabi-4_9-2015q2/bin/../lib/gcc/arm-none-eabi/4.9.3/../../../../arm-none-eabi/lib/armv6-m/libnosys.a(_exit.o)
 .data          0x00000000        0x0 /home/marco/ARMToolchain/gcc-arm-none-eabi-4_9-2015q2/bin/../lib/gcc/arm-none-eabi/4.9.3/../../../../arm-none-eabi/lib/armv6-m/libnosys.a(_exit.o)
 .bss           0x00000000        0x0 /home/marco/ARMToolchain/gcc-arm-none-eabi-4_9-2015q2/bin/../lib/gcc/arm-none-eabi/4.9.3/../../../../arm-none-eabi/lib/armv6-m/libnosys.a(_exit.o)
 .text          0x00000000        0x0 _build/app_button.o
 .data          0x00000000        0x0 _build/app_button.o
 .bss           0x00000000        0x0 _build/app_button.o
 .text.detection_delay_timeout_handler
                0x00000000       0xa8 _build/app_button.o
 .text.gpiote_event_handler
                0x00000000       0x5c _build/app_button.o
 .text.app_button_init
                0x00000000       0xb4 _build/app_button.o
 .text.app_button_enable
                0x00000000       0x30 _build/app_button.o
 .text.app_button_disable
                0x00000000       0x34 _build/app_button.o
 .text.app_button_is_pushed
                0x00000000       0x2c _build/app_button.o
 .bss.m_detection_delay
                0x00000000        0x4 _build/app_button.o
 .bss.mp_buttons
                0x00000000        0x4 _build/app_button.o
 .bss.m_button_count
                0x00000000        0x1 _build/app_button.o
 .bss.m_detection_delay_timer_id_data
                0x00000000       0x20 _build/app_button.o
 .bss.m_pin_state
                0x00000000        0x4 _build/app_button.o
 .rodata.m_detection_delay_timer_id
                0x00000000        0x4 _build/app_button.o
 .bss.m_pin_transition
                0x00000000        0x4 _build/app_button.o
 .comment       0x00000000       0x71 _build/app_button.o
 .ARM.attributes
                0x00000000       0x31 _build/app_button.o
 .text          0x00000000        0x0 _build/app_error.o
 .data          0x00000000        0x0 _build/app_error.o
 .bss           0x00000000        0x0 _build/app_error.o
 .text          0x00000000        0x0 _build/app_fifo.o
 .data          0x00000000        0x0 _build/app_fifo.o
 .bss           0x00000000        0x0 _build/app_fifo.o
 .text.app_fifo_flush
                0x00000000        0x8 _build/app_fifo.o
 .text.app_fifo_read
                0x00000000       0x50 _build/app_fifo.o
 .text.app_fifo_write
                0x00000000       0x54 _build/app_fifo.o
 .text          0x00000000        0x0 _build/app_timer.o
 .data          0x00000000        0x0 _build/app_timer.o
 .bss           0x00000000        0x0 _build/app_timer.o
 .text.app_timer_create
                0x00000000       0x34 _build/app_timer.o
 .text.app_timer_start
                0x00000000       0xfc _build/app_timer.o
 .text.app_timer_stop
                0x00000000       0xc8 _build/app_timer.o
 .text.app_timer_stop_all
                0x00000000       0xbc _build/app_timer.o
 .text.app_timer_cnt_get
                0x00000000       0x14 _build/app_timer.o
 .text.app_timer_cnt_diff_compute
                0x00000000        0xc _build/app_timer.o
 .text          0x00000000        0x0 _build/app_trace.o
 .data          0x00000000        0x0 _build/app_trace.o
 .bss           0x00000000        0x0 _build/app_trace.o
 .comment       0x00000000       0x71 _build/app_trace.o
 .ARM.attributes
                0x00000000       0x31 _build/app_trace.o
 .text          0x00000000        0x0 _build/nrf_assert.o
 .data          0x00000000        0x0 _build/nrf_assert.o
 .bss           0x00000000        0x0 _build/nrf_assert.o
 .comment       0x00000000       0x71 _build/nrf_assert.o
 .ARM.attributes
                0x00000000       0x31 _build/nrf_assert.o
 .text          0x00000000        0x0 _build/retarget.o
 .data          0x00000000        0x0 _build/retarget.o
 .bss           0x00000000        0x0 _build/retarget.o
 .text._write   0x00000000       0x1c _build/retarget.o
 .text._read    0x00000000       0x14 _build/retarget.o
 .comment       0x00000000       0x71 _build/retarget.o
 .ARM.attributes
                0x00000000       0x31 _build/retarget.o
 COMMON         0x00000000       0xd0 _build/retarget.o
 .text          0x00000000        0x0 _build/app_uart_fifo.o
 .data          0x00000000        0x0 _build/app_uart_fifo.o
 .bss           0x00000000        0x0 _build/app_uart_fifo.o
 .text.app_uart_flush
                0x00000000       0x1c _build/app_uart_fifo.o
 .text.app_uart_close
                0x00000000        0xc _build/app_uart_fifo.o
 .text          0x00000000        0x0 _build/nrf_delay.o
 .data          0x00000000        0x0 _build/nrf_delay.o
 .bss           0x00000000        0x0 _build/nrf_delay.o
 .text.nrf_delay_ms
                0x00000000       0x3c _build/nrf_delay.o
 .comment       0x00000000       0x71 _build/nrf_delay.o
 .ARM.attributes
                0x00000000       0x31 _build/nrf_delay.o
 .text          0x00000000        0x0 _build/nrf_drv_common.o
 .data          0x00000000        0x0 _build/nrf_drv_common.o
 .bss           0x00000000        0x0 _build/nrf_drv_common.o
 .text          0x00000000        0x0 _build/nrf_drv_gpiote.o
 .data          0x00000000        0x0 _build/nrf_drv_gpiote.o
 .bss           0x00000000        0x0 _build/nrf_drv_gpiote.o
 .text.nrf_drv_gpiote_init
                0x00000000       0x68 _build/nrf_drv_gpiote.o
 .text.nrf_drv_gpiote_is_init
                0x00000000       0x14 _build/nrf_drv_gpiote.o
 .text.nrf_drv_gpiote_uninit
                0x00000000       0xec _build/nrf_drv_gpiote.o
 .text.nrf_drv_gpiote_out_init
                0x00000000       0xdc _build/nrf_drv_gpiote.o
 .text.nrf_drv_gpiote_out_uninit
                0x00000000       0x48 _build/nrf_drv_gpiote.o
 .text.nrf_drv_gpiote_out_set
                0x00000000       0x14 _build/nrf_drv_gpiote.o
 .text.nrf_drv_gpiote_out_clear
                0x00000000       0x14 _build/nrf_drv_gpiote.o
 .text.nrf_drv_gpiote_out_toggle
                0x00000000       0x2c _build/nrf_drv_gpiote.o
 .text.nrf_drv_gpiote_out_task_enable
                0x00000000       0x38 _build/nrf_drv_gpiote.o
 .text.nrf_drv_gpiote_out_task_disable
                0x00000000       0x28 _build/nrf_drv_gpiote.o
 .text.nrf_drv_gpiote_out_task_addr_get
                0x00000000       0x20 _build/nrf_drv_gpiote.o
 .text.nrf_drv_gpiote_out_task_force
                0x00000000       0x38 _build/nrf_drv_gpiote.o
 .text.nrf_drv_gpiote_out_task_trigger
                0x00000000       0x20 _build/nrf_drv_gpiote.o
 .text.nrf_drv_gpiote_in_init
                0x00000000      0x15c _build/nrf_drv_gpiote.o
 .text.nrf_drv_gpiote_in_event_enable
                0x00000000       0xa8 _build/nrf_drv_gpiote.o
 .text.nrf_drv_gpiote_in_event_disable
                0x00000000       0x60 _build/nrf_drv_gpiote.o
 .text.nrf_drv_gpiote_in_uninit
                0x00000000       0xa8 _build/nrf_drv_gpiote.o
 .text.nrf_drv_gpiote_in_is_set
                0x00000000       0x14 _build/nrf_drv_gpiote.o
 .text.nrf_drv_gpiote_in_event_addr_get
                0x00000000       0x20 _build/nrf_drv_gpiote.o
 .text          0x00000000        0x0 _build/nrf_drv_uart.o
 .data          0x00000000        0x0 _build/nrf_drv_uart.o
 .bss           0x00000000        0x0 _build/nrf_drv_uart.o
 .text.nrf_drv_uart_uninit
                0x00000000       0xbc _build/nrf_drv_uart.o
 .text.nrf_drv_uart_rx_disable
                0x00000000       0x18 _build/nrf_drv_uart.o
 .text.nrf_drv_uart_errorsrc_get
                0x00000000       0x1c _build/nrf_drv_uart.o
 .text.nrf_drv_uart_tx_abort
                0x00000000       0x3c _build/nrf_drv_uart.o
 .text.nrf_drv_uart_rx_abort
                0x00000000       0x1c _build/nrf_drv_uart.o
 .text          0x00000000        0x0 _build/pstorage.o
 .data          0x00000000        0x0 _build/pstorage.o
 .bss           0x00000000        0x0 _build/pstorage.o
 .text.sd_flash_write
                0x00000000        0x4 _build/pstorage.o
 .text.sd_flash_page_erase
                0x00000000        0x4 _build/pstorage.o
 .text.flash_api_err_code_process
                0x00000000       0x60 _build/pstorage.o
 .text.state_entry_action_run
                0x00000000      0x1b4 _build/pstorage.o
 .text.clear_operation_execute
                0x00000000      0x194 _build/pstorage.o
 .text.unlikely.cmd_queue_enqueue
                0x00000000       0x8c _build/pstorage.o
 .text.tail_restore_state_run
                0x00000000       0xb4 _build/pstorage.o
 .text.state_write_data_swap_entry_run
                0x00000000       0xb0 _build/pstorage.o
 .text.state_restore_head_entry_run
                0x00000000       0xb0 _build/pstorage.o
 .text.data_to_swap_write_state_run
                0x00000000       0xa0 _build/pstorage.o
 .text.state_restore_tail_entry_run
                0x00000000       0xc0 _build/pstorage.o
 .text.state_erase_data_page_entry_run
                0x00000000       0x70 _build/pstorage.o
 .text.swap_erase_state_run
                0x00000000       0xd4 _build/pstorage.o
 .text.state_swap_erase_entry_run
                0x00000000       0xa4 _build/pstorage.o
 .text.store_cmd_flash_write_execute
                0x00000000      0x120 _build/pstorage.o
 .text.head_restore_state_run
                0x00000000      0x21c _build/pstorage.o
 .text.data_page_erase_state_run
                0x00000000      0x26c _build/pstorage.o
 .text.command_end_procedure_run
                0x00000000       0xb8 _build/pstorage.o
 .text.pstorage_sys_event_handler
                0x00000000      0x1cc _build/pstorage.o
 .text.pstorage_init
                0x00000000      0x14c _build/pstorage.o
 .text.pstorage_register
                0x00000000       0xf0 _build/pstorage.o
 .text.pstorage_block_identifier_get
                0x00000000       0x50 _build/pstorage.o
 .text.pstorage_store
                0x00000000       0x88 _build/pstorage.o
 .text.pstorage_update
                0x00000000       0x88 _build/pstorage.o
 .text.pstorage_load
                0x00000000       0xa8 _build/pstorage.o
 .text.pstorage_clear
                0x00000000       0x94 _build/pstorage.o
 .text.pstorage_access_status_get
                0x00000000       0x28 _build/pstorage.o
 .bss.m_cmd_queue
                0x00000000       0xcc _build/pstorage.o
 .bss.m_num_of_bytes_written
                0x00000000        0x4 _build/pstorage.o
 .bss.m_tail_word_size
                0x00000000        0x4 _build/pstorage.o
 .bss.m_app_table
                0x00000000        0xc _build/pstorage.o
 .bss.m_next_app_instance
                0x00000000        0x2 _build/pstorage.o
 .bss.m_next_page_addr
                0x00000000        0x4 _build/pstorage.o
 .rodata.swap_sub_state_sm_lut.5962
                0x00000000       0x14 _build/pstorage.o
 .bss.m_flags   0x00000000        0x4 _build/pstorage.o
 .bss.m_swap_sub_state
                0x00000000        0x1 _build/pstorage.o
 .bss.m_state   0x00000000        0x1 _build/pstorage.o
 .rodata.swap_sub_state_sm_lut.5887
                0x00000000       0x14 _build/pstorage.o
 .bss.m_app_data_size
                0x00000000        0x4 _build/pstorage.o
 .bss.m_num_of_command_retries
                0x00000000        0x4 _build/pstorage.o
 .bss.m_head_word_size
                0x00000000        0x4 _build/pstorage.o
 .bss.m_current_page_id
                0x00000000        0x4 _build/pstorage.o
 .comment       0x00000000       0x71 _build/pstorage.o
 .ARM.attributes
                0x00000000       0x31 _build/pstorage.o
 .text          0x00000000        0x0 _build/util.o
 .data          0x00000000        0x0 _build/util.o
 .bss           0x00000000        0x0 _build/util.o
 .text          0x00000000        0x0 _build/uart_manager.o
 .data          0x00000000        0x0 _build/uart_manager.o
 .bss           0x00000000        0x0 _build/uart_manager.o
 .text          0x00000000        0x0 _build/conn_manager.o
 .data          0x00000000        0x0 _build/conn_manager.o
 .bss           0x00000000        0x0 _build/conn_manager.o
 .text          0x00000000        0x0 _build/main.o
 .data          0x00000000        0x0 _build/main.o
 .bss           0x00000000        0x0 _build/main.o
 .text          0x00000000        0x0 _build/ble_advdata.o
 .data          0x00000000        0x0 _build/ble_advdata.o
 .bss           0x00000000        0x0 _build/ble_advdata.o
 .text.sd_ble_gap_address_get
                0x00000000        0x4 _build/ble_advdata.o
 .text.sd_ble_gap_adv_data_set
                0x00000000        0x4 _build/ble_advdata.o
 .text.sd_ble_gap_appearance_get
                0x00000000        0x4 _build/ble_advdata.o
 .text.sd_ble_gap_device_name_get
                0x00000000        0x4 _build/ble_advdata.o
 .text.sd_ble_uuid_encode
                0x00000000        0x4 _build/ble_advdata.o
 .text.name_encode
                0x00000000       0x8c _build/ble_advdata.o
 .text.uuid_list_sized_encode
                0x00000000       0xe8 _build/ble_advdata.o
 .text.adv_data_encode
                0x00000000      0x550 _build/ble_advdata.o
 .text.ble_advdata_set
                0x00000000      0x508 _build/ble_advdata.o
 .comment       0x00000000       0x71 _build/ble_advdata.o
 .ARM.attributes
                0x00000000       0x31 _build/ble_advdata.o
 .text          0x00000000        0x0 _build/ble_conn_params.o
 .data          0x00000000        0x0 _build/ble_conn_params.o
 .bss           0x00000000        0x0 _build/ble_conn_params.o
 .text.sd_ble_gap_conn_param_update
                0x00000000        0x4 _build/ble_conn_params.o
 .text.sd_ble_gap_disconnect
                0x00000000        0x4 _build/ble_conn_params.o
 .text.sd_ble_gap_ppcp_set
                0x00000000        0x4 _build/ble_conn_params.o
 .text.sd_ble_gap_ppcp_get
                0x00000000        0x4 _build/ble_conn_params.o
 .text.update_timeout_handler
                0x00000000       0x78 _build/ble_conn_params.o
 .text.conn_params_negotiation
                0x00000000       0x88 _build/ble_conn_params.o
 .text.ble_conn_params_init
                0x00000000       0x78 _build/ble_conn_params.o
 .text.ble_conn_params_stop
                0x00000000       0x10 _build/ble_conn_params.o
 .text.ble_conn_params_on_ble_evt
                0x00000000       0xac _build/ble_conn_params.o
 .text.ble_conn_params_change_conn_params
                0x00000000       0x70 _build/ble_conn_params.o
 .bss.m_change_param
                0x00000000        0x1 _build/ble_conn_params.o
 .bss.m_current_conn_params
                0x00000000        0x8 _build/ble_conn_params.o
 .bss.m_update_count
                0x00000000        0x1 _build/ble_conn_params.o
 .bss.m_conn_params_config
                0x00000000       0x1c _build/ble_conn_params.o
 .bss.m_conn_params_timer_id_data
                0x00000000       0x20 _build/ble_conn_params.o
 .rodata.m_conn_params_timer_id
                0x00000000        0x4 _build/ble_conn_params.o
 .bss.m_conn_handle
                0x00000000        0x2 _build/ble_conn_params.o
 .bss.m_preferred_conn_params
                0x00000000        0x8 _build/ble_conn_params.o
 .comment       0x00000000       0x71 _build/ble_conn_params.o
 .ARM.attributes
                0x00000000       0x31 _build/ble_conn_params.o
 .text          0x00000000        0x0 _build/ble_advertising.o
 .data          0x00000000        0x0 _build/ble_advertising.o
 .bss           0x00000000        0x0 _build/ble_advertising.o
 .text.sd_ble_gap_adv_start
                0x00000000        0x4 _build/ble_advertising.o
 .text.sd_ble_gap_adv_stop
                0x00000000        0x4 _build/ble_advertising.o
 .text.ble_advertising_init
                0x00000000      0x148 _build/ble_advertising.o
 .text.ble_advertising_start
                0x00000000      0x2c0 _build/ble_advertising.o
 .text.ble_advertising_on_ble_evt
                0x00000000       0xb4 _build/ble_advertising.o
 .text.ble_advertising_on_sys_evt
                0x00000000      0x2e0 _build/ble_advertising.o
 .text.ble_advertising_peer_addr_reply
                0x00000000       0x3c _build/ble_advertising.o
 .text.ble_advertising_whitelist_reply
                0x00000000       0xd8 _build/ble_advertising.o
 .text.ble_advertising_restart_without_whitelist
                0x00000000      0x324 _build/ble_advertising.o
 .bss.m_advdata
                0x00000000       0x38 _build/ble_advertising.o
 .bss.m_manuf_specific_data
                0x00000000        0xc _build/ble_advertising.o
 .bss.m_evt_handler
                0x00000000        0x4 _build/ble_advertising.o
 .bss.m_manuf_data_array
                0x00000000       0x1f _build/ble_advertising.o
 .bss.m_whitelist_temporarily_disabled
                0x00000000        0x1 _build/ble_advertising.o
 .bss.m_error_handler
                0x00000000        0x4 _build/ble_advertising.o
 .bss.m_peer_address
                0x00000000        0x7 _build/ble_advertising.o
 .bss.m_adv_modes_config
                0x00000000       0x24 _build/ble_advertising.o
 .bss.mp_whitelist_addr
                0x00000000       0x20 _build/ble_advertising.o
 .bss.m_tx_power_level
                0x00000000        0x1 _build/ble_advertising.o
 .bss.m_whitelist
                0x00000000       0x10 _build/ble_advertising.o
 .bss.m_service_data_array
                0x00000000       0x1f _build/ble_advertising.o
 .bss.m_peer_addr_reply_expected
                0x00000000        0x1 _build/ble_advertising.o
 .bss.m_whitelist_reply_expected
                0x00000000        0x1 _build/ble_advertising.o
 .data.current_slave_link_conn_handle.7183
                0x00000000        0x2 _build/ble_advertising.o
 .bss.mp_whitelist_irk
                0x00000000       0x20 _build/ble_advertising.o
 .bss.m_adv_mode_current
                0x00000000        0x1 _build/ble_advertising.o
 .bss.m_advertising_start_pending
                0x00000000        0x1 _build/ble_advertising.o
 .bss.m_slave_conn_int
                0x00000000        0x4 _build/ble_advertising.o
 .bss.m_service_data
                0x00000000        0xc _build/ble_advertising.o
 .bss.m_adv_evt
                0x00000000        0x1 _build/ble_advertising.o
 .comment       0x00000000       0x71 _build/ble_advertising.o
 .ARM.attributes
                0x00000000       0x31 _build/ble_advertising.o
 .text          0x00000000        0x0 _build/ble_db_discovery.o
 .data          0x00000000        0x0 _build/ble_db_discovery.o
 .bss           0x00000000        0x0 _build/ble_db_discovery.o
 .text.ble_db_discovery_close
                0x00000000       0x20 _build/ble_db_discovery.o
 .text          0x00000000        0x0 _build/ble_nus_c.o
 .data          0x00000000        0x0 _build/ble_nus_c.o
 .bss           0x00000000        0x0 _build/ble_nus_c.o
 .text          0x00000000        0x0 _build/ble_nus.o
 .data          0x00000000        0x0 _build/ble_nus.o
 .bss           0x00000000        0x0 _build/ble_nus.o
 .text.sd_ble_gatts_service_add
                0x00000000        0x4 _build/ble_nus.o
 .text.sd_ble_gatts_characteristic_add
                0x00000000        0x4 _build/ble_nus.o
 .text.sd_ble_gatts_hvx
                0x00000000        0x4 _build/ble_nus.o
 .text.sd_ble_uuid_vs_add
                0x00000000        0x4 _build/ble_nus.o
 .text.ble_nus_on_ble_evt
                0x00000000       0x60 _build/ble_nus.o
 .text.ble_nus_init
                0x00000000      0x208 _build/ble_nus.o
 .text.ble_nus_string_send
                0x00000000       0x5c _build/ble_nus.o
 .rodata        0x00000000       0x10 _build/ble_nus.o
 .comment       0x00000000       0x71 _build/ble_nus.o
 .ARM.attributes
                0x00000000       0x31 _build/ble_nus.o
 .text          0x00000000        0x0 _build/ble_srv_common.o
 .data          0x00000000        0x0 _build/ble_srv_common.o
 .bss           0x00000000        0x0 _build/ble_srv_common.o
 .text.sd_ble_gatts_characteristic_add
                0x00000000        0x4 _build/ble_srv_common.o
 .text.sd_ble_gatts_descriptor_add
                0x00000000        0x4 _build/ble_srv_common.o
 .text.ble_srv_report_ref_encode
                0x00000000        0xc _build/ble_srv_common.o
 .text.ble_srv_ascii_to_utf8
                0x00000000       0x14 _build/ble_srv_common.o
 .text.characteristic_add
                0x00000000      0x368 _build/ble_srv_common.o
 .rodata.characteristic_add
                0x00000000       0x78 _build/ble_srv_common.o
 .text.descriptor_add
                0x00000000      0x15c _build/ble_srv_common.o
 .rodata.descriptor_add
                0x00000000       0x30 _build/ble_srv_common.o
 .comment       0x00000000       0x71 _build/ble_srv_common.o
 .ARM.attributes
                0x00000000       0x31 _build/ble_srv_common.o
 .text          0x00000000        0x0 _build/system_nrf51.o
 .data          0x00000000        0x0 _build/system_nrf51.o
 .bss           0x00000000        0x0 _build/system_nrf51.o
 .text.SystemCoreClockUpdate
                0x00000000       0x10 _build/system_nrf51.o
 .data.SystemCoreClock
                0x00000000        0x4 _build/system_nrf51.o
 .text          0x00000000        0x0 _build/softdevice_handler.o
 .data          0x00000000        0x0 _build/softdevice_handler.o
 .bss           0x00000000        0x0 _build/softdevice_handler.o
 .text.sd_softdevice_disable
                0x00000000        0x4 _build/softdevice_handler.o
 .text.intern_softdevice_events_execute
                0x00000000       0x14 _build/softdevice_handler.o
 .text.softdevice_handler_isEnabled
                0x00000000        0xc _build/softdevice_handler.o
 .text.softdevice_handler_sd_disable
                0x00000000       0x18 _build/softdevice_handler.o
 .text.softdevice_sys_evt_handler_set
                0x00000000       0x14 _build/softdevice_handler.o
 .data          0x00000000        0x0 _build/gcc_startup_nrf51.o
 .bss           0x00000000        0x0 _build/gcc_startup_nrf51.o
 .ARM.extab     0x00000000        0x0 _build/gcc_startup_nrf51.o
 .text          0x00000000      0x120 /home/marco/ARMToolchain/gcc-arm-none-eabi-4_9-2015q2/bin/../lib/gcc/arm-none-eabi/4.9.3/armv6-m/libgcc.a(_udivsi3.o)
 .data          0x00000000        0x0 /home/marco/ARMToolchain/gcc-arm-none-eabi-4_9-2015q2/bin/../lib/gcc/arm-none-eabi/4.9.3/armv6-m/libgcc.a(_udivsi3.o)
 .bss           0x00000000        0x0 /home/marco/ARMToolchain/gcc-arm-none-eabi-4_9-2015q2/bin/../lib/gcc/arm-none-eabi/4.9.3/armv6-m/libgcc.a(_udivsi3.o)
 .debug_frame   0x00000000       0x20 /home/marco/ARMToolchain/gcc-arm-none-eabi-4_9-2015q2/bin/../lib/gcc/arm-none-eabi/4.9.3/armv6-m/libgcc.a(_udivsi3.o)
 .ARM.attributes
                0x00000000       0x1e /home/marco/ARMToolchain/gcc-arm-none-eabi-4_9-2015q2/bin/../lib/gcc/arm-none-eabi/4.9.3/armv6-m/libgcc.a(_udivsi3.o)
 .text          0x00000000      0x1e0 /home/marco/ARMToolchain/gcc-arm-none-eabi-4_9-2015q2/bin/../lib/gcc/arm-none-eabi/4.9.3/armv6-m/libgcc.a(_divsi3.o)
 .data          0x00000000        0x0 /home/marco/ARMToolchain/gcc-arm-none-eabi-4_9-2015q2/bin/../lib/gcc/arm-none-eabi/4.9.3/armv6-m/libgcc.a(_divsi3.o)
 .bss           0x00000000        0x0 /home/marco/ARMToolchain/gcc-arm-none-eabi-4_9-2015q2/bin/../lib/gcc/arm-none-eabi/4.9.3/armv6-m/libgcc.a(_divsi3.o)
 .debug_frame   0x00000000       0x20 /home/marco/ARMToolchain/gcc-arm-none-eabi-4_9-2015q2/bin/../lib/gcc/arm-none-eabi/4.9.3/armv6-m/libgcc.a(_divsi3.o)
 .ARM.attributes
                0x00000000       0x1e /home/marco/ARMToolchain/gcc-arm-none-eabi-4_9-2015q2/bin/../lib/gcc/arm-none-eabi/4.9.3/armv6-m/libgcc.a(_divsi3.o)
 .text          0x00000000        0x4 /home/marco/ARMToolchain/gcc-arm-none-eabi-4_9-2015q2/bin/../lib/gcc/arm-none-eabi/4.9.3/armv6-m/libgcc.a(_dvmd_tls.o)
 .data          0x00000000        0x0 /home/marco/ARMToolchain/gcc-arm-none-eabi-4_9-2015q2/bin/../lib/gcc/arm-none-eabi/4.9.3/armv6-m/libgcc.a(_dvmd_tls.o)
 .bss           0x00000000        0x0 /home/marco/ARMToolchain/gcc-arm-none-eabi-4_9-2015q2/bin/../lib/gcc/arm-none-eabi/4.9.3/armv6-m/libgcc.a(_dvmd_tls.o)
 .ARM.attributes
                0x00000000       0x1e /home/marco/ARMToolchain/gcc-arm-none-eabi-4_9-2015q2/bin/../lib/gcc/arm-none-eabi/4.9.3/armv6-m/libgcc.a(_dvmd_tls.o)
 .text          0x00000000        0x0 /home/marco/ARMToolchain/gcc-arm-none-eabi-4_9-2015q2/bin/../lib/gcc/arm-none-eabi/4.9.3/../../../../arm-none-eabi/lib/armv6-m/libc_nano.a(lib_a-memcpy.o)
 .data          0x00000000        0x0 /home/marco/ARMToolchain/gcc-arm-none-eabi-4_9-2015q2/bin/../lib/gcc/arm-none-eabi/4.9.3/../../../../arm-none-eabi/lib/armv6-m/libc_nano.a(lib_a-memcpy.o)
 .bss           0x00000000        0x0 /home/marco/ARMToolchain/gcc-arm-none-eabi-4_9-2015q2/bin/../lib/gcc/arm-none-eabi/4.9.3/../../../../arm-none-eabi/lib/armv6-m/libc_nano.a(lib_a-memcpy.o)
 .text          0x00000000        0x0 /home/marco/ARMToolchain/gcc-arm-none-eabi-4_9-2015q2/bin/../lib/gcc/arm-none-eabi/4.9.3/../../../../arm-none-eabi/lib/armv6-m/libc_nano.a(lib_a-strlen.o)
 .data          0x00000000        0x0 /home/marco/ARMToolchain/gcc-arm-none-eabi-4_9-2015q2/bin/../lib/gcc/arm-none-eabi/4.9.3/../../../../arm-none-eabi/lib/armv6-m/libc_nano.a(lib_a-strlen.o)
 .bss           0x00000000        0x0 /home/marco/ARMToolchain/gcc-arm-none-eabi-4_9-2015q2/bin/../lib/gcc/arm-none-eabi/4.9.3/../../../../arm-none-eabi/lib/armv6-m/libc_nano.a(lib_a-strlen.o)
 .text.strlen   0x00000000        0xe /home/marco/ARMToolchain/gcc-arm-none-eabi-4_9-2015q2/bin/../lib/gcc/arm-none-eabi/4.9.3/../../../../arm-none-eabi/lib/armv6-m/libc_nano.a(lib_a-strlen.o)
 .debug_frame   0x00000000       0x20 /home/marco/ARMToolchain/gcc-arm-none-eabi-4_9-2015q2/bin/../lib/gcc/arm-none-eabi/4.9.3/../../../../arm-none-eabi/lib/armv6-m/libc_nano.a(lib_a-strlen.o)
 .ARM.attributes
                0x00000000       0x2c /home/marco/ARMToolchain/gcc-arm-none-eabi-4_9-2015q2/bin/../lib/gcc/arm-none-eabi/4.9.3/../../../../arm-none-eabi/lib/armv6-m/libc_nano.a(lib_a-strlen.o)
 .text          0x00000000        0x0 /home/marco/ARMToolchain/gcc-arm-none-eabi-4_9-2015q2/bin/../lib/gcc/arm-none-eabi/4.9.3/../../../../arm-none-eabi/lib/armv6-m/libc_nano.a(lib_a-strncmp.o)
 .data          0x00000000        0x0 /home/marco/ARMToolchain/gcc-arm-none-eabi-4_9-2015q2/bin/../lib/gcc/arm-none-eabi/4.9.3/../../../../arm-none-eabi/lib/armv6-m/libc_nano.a(lib_a-strncmp.o)
 .bss           0x00000000        0x0 /home/marco/ARMToolchain/gcc-arm-none-eabi-4_9-2015q2/bin/../lib/gcc/arm-none-eabi/4.9.3/../../../../arm-none-eabi/lib/armv6-m/libc_nano.a(lib_a-strncmp.o)
 .text          0x00000000        0x0 /home/marco/ARMToolchain/gcc-arm-none-eabi-4_9-2015q2/bin/../lib/gcc/arm-none-eabi/4.9.3/../../../../arm-none-eabi/lib/armv6-m/libc_nano.a(lib_a-strncpy.o)
 .data          0x00000000        0x0 /home/marco/ARMToolchain/gcc-arm-none-eabi-4_9-2015q2/bin/../lib/gcc/arm-none-eabi/4.9.3/../../../../arm-none-eabi/lib/armv6-m/libc_nano.a(lib_a-strncpy.o)
 .bss           0x00000000        0x0 /home/marco/ARMToolchain/gcc-arm-none-eabi-4_9-2015q2/bin/../lib/gcc/arm-none-eabi/4.9.3/../../../../arm-none-eabi/lib/armv6-m/libc_nano.a(lib_a-strncpy.o)
 .text          0x00000000        0x0 /home/marco/ARMToolchain/gcc-arm-none-eabi-4_9-2015q2/bin/../lib/gcc/arm-none-eabi/4.9.3/armv6-m/crtend.o
 .data          0x00000000        0x0 /home/marco/ARMToolchain/gcc-arm-none-eabi-4_9-2015q2/bin/../lib/gcc/arm-none-eabi/4.9.3/armv6-m/crtend.o
 .bss           0x00000000        0x0 /home/marco/ARMToolchain/gcc-arm-none-eabi-4_9-2015q2/bin/../lib/gcc/arm-none-eabi/4.9.3/armv6-m/crtend.o
 .eh_frame      0x00000000        0x4 /home/marco/ARMToolchain/gcc-arm-none-eabi-4_9-2015q2/bin/../lib/gcc/arm-none-eabi/4.9.3/armv6-m/crtend.o
 .jcr           0x00000000        0x4 /home/marco/ARMToolchain/gcc-arm-none-eabi-4_9-2015q2/bin/../lib/gcc/arm-none-eabi/4.9.3/armv6-m/crtend.o
 .ARM.attributes
                0x00000000       0x2c /home/marco/ARMToolchain/gcc-arm-none-eabi-4_9-2015q2/bin/../lib/gcc/arm-none-eabi/4.9.3/armv6-m/crtend.o
 .text          0x00000000        0x0 /home/marco/ARMToolchain/gcc-arm-none-eabi-4_9-2015q2/bin/../lib/gcc/arm-none-eabi/4.9.3/armv6-m/crtn.o
 .data          0x00000000        0x0 /home/marco/ARMToolchain/gcc-arm-none-eabi-4_9-2015q2/bin/../lib/gcc/arm-none-eabi/4.9.3/armv6-m/crtn.o
 .bss           0x00000000        0x0 /home/marco/ARMToolchain/gcc-arm-none-eabi-4_9-2015q2/bin/../lib/gcc/arm-none-eabi/4.9.3/armv6-m/crtn.o

Memory Configuration

Name             Origin             Length             Attributes
FLASH            0x0001c000         0x00024000         xr
RAM              0x20002800         0x00005800         xrw
*default*        0x00000000         0xffffffff

Linker script and memory map

LOAD /home/marco/ARMToolchain/gcc-arm-none-eabi-4_9-2015q2/bin/../lib/gcc/arm-none-eabi/4.9.3/armv6-m/crti.o
LOAD /home/marco/ARMToolchain/gcc-arm-none-eabi-4_9-2015q2/bin/../lib/gcc/arm-none-eabi/4.9.3/armv6-m/crtbegin.o
LOAD /home/marco/ARMToolchain/gcc-arm-none-eabi-4_9-2015q2/bin/../lib/gcc/arm-none-eabi/4.9.3/../../../../arm-none-eabi/lib/armv6-m/crt0.o
LOAD /home/marco/ARMToolchain/gcc-arm-none-eabi-4_9-2015q2/bin/../lib/gcc/arm-none-eabi/4.9.3/../../../../arm-none-eabi/lib/armv6-m/libc_nano.a
LOAD /home/marco/ARMToolchain/gcc-arm-none-eabi-4_9-2015q2/bin/../lib/gcc/arm-none-eabi/4.9.3/../../../../arm-none-eabi/lib/armv6-m/libnosys.a
LOAD _build/app_button.o
LOAD _build/app_error.o
LOAD _build/app_fifo.o
LOAD _build/app_timer.o
LOAD _build/app_trace.o
LOAD _build/nrf_assert.o
LOAD _build/retarget.o
LOAD _build/app_uart_fifo.o
LOAD _build/nrf_delay.o
LOAD _build/nrf_drv_common.o
LOAD _build/nrf_drv_gpiote.o
LOAD _build/nrf_drv_uart.o
LOAD _build/pstorage.o
LOAD _build/util.o
LOAD _build/uart_manager.o
LOAD _build/conn_manager.o
LOAD _build/main.o
LOAD _build/ble_advdata.o
LOAD _build/ble_conn_params.o
LOAD _build/ble_advertising.o
LOAD _build/ble_db_discovery.o
LOAD _build/ble_nus_c.o
LOAD _build/ble_nus.o
LOAD _build/ble_srv_common.o
LOAD _build/system_nrf51.o
LOAD _build/softdevice_handler.o
LOAD _build/gcc_startup_nrf51.o
START GROUP
LOAD /home/marco/ARMToolchain/gcc-arm-none-eabi-4_9-2015q2/bin/../lib/gcc/arm-none-eabi/4.9.3/armv6-m/libgcc.a
LOAD /home/marco/ARMToolchain/gcc-arm-none-eabi-4_9-2015q2/bin/../lib/gcc/arm-none-eabi/4.9.3/../../../../arm-none-eabi/lib/armv6-m/libc_nano.a
END GROUP
START GROUP
LOAD /home/marco/ARMToolchain/gcc-arm-none-eabi-4_9-2015q2/bin/../lib/gcc/arm-none-eabi/4.9.3/armv6-m/libgcc.a
LOAD /home/marco/ARMToolchain/gcc-arm-none-eabi-4_9-2015q2/bin/../lib/gcc/arm-none-eabi/4.9.3/../../../../arm-none-eabi/lib/armv6-m/libc_nano.a
END GROUP
LOAD /home/marco/ARMToolchain/gcc-arm-none-eabi-4_9-2015q2/bin/../lib/gcc/arm-none-eabi/4.9.3/armv6-m/crtend.o
LOAD /home/marco/ARMToolchain/gcc-arm-none-eabi-4_9-2015q2/bin/../lib/gcc/arm-none-eabi/4.9.3/armv6-m/crtn.o
START GROUP
LOAD /home/marco/ARMToolchain/gcc-arm-none-eabi-4_9-2015q2/bin/../lib/gcc/arm-none-eabi/4.9.3/armv6-m/libgcc.a
LOAD /home/marco/ARMToolchain/gcc-arm-none-eabi-4_9-2015q2/bin/../lib/gcc/arm-none-eabi/4.9.3/../../../../arm-none-eabi/lib/armv6-m/libc.a
LOAD /home/marco/ARMToolchain/gcc-arm-none-eabi-4_9-2015q2/bin/../lib/gcc/arm-none-eabi/4.9.3/../../../../arm-none-eabi/lib/armv6-m/libnosys.a
END GROUP

.fs_data_out    0x00000000        0x0
                0x00000000                PROVIDE (__start_fs_data, .)
 *(fs_data)
                0x00000000                PROVIDE (__stop_fs_data, .)

.text           0x0001c000     0x2e6c
 *(.Vectors)
 .Vectors       0x0001c000       0xc0 _build/gcc_startup_nrf51.o
                0x0001c000                __Vectors
 *(.text*)
 .text          0x0001c0c0       0x60 /home/marco/ARMToolchain/gcc-arm-none-eabi-4_9-2015q2/bin/../lib/gcc/arm-none-eabi/4.9.3/armv6-m/crtbegin.o
 .text          0x0001c120       0x78 /home/marco/ARMToolchain/gcc-arm-none-eabi-4_9-2015q2/bin/../lib/gcc/arm-none-eabi/4.9.3/../../../../arm-none-eabi/lib/armv6-m/crt0.o
                0x0001c120                _mainCRTStartup
                0x0001c120                _start
 .text.exit     0x0001c198       0x2c /home/marco/ARMToolchain/gcc-arm-none-eabi-4_9-2015q2/bin/../lib/gcc/arm-none-eabi/4.9.3/../../../../arm-none-eabi/lib/armv6-m/libc_nano.a(lib_a-exit.o)
                0x0001c198                exit
 .text.__libc_init_array
                0x0001c1c4       0x4c /home/marco/ARMToolchain/gcc-arm-none-eabi-4_9-2015q2/bin/../lib/gcc/arm-none-eabi/4.9.3/../../../../arm-none-eabi/lib/armv6-m/libc_nano.a(lib_a-init.o)
                0x0001c1c4                __libc_init_array
 .text.memset   0x0001c210       0x10 /home/marco/ARMToolchain/gcc-arm-none-eabi-4_9-2015q2/bin/../lib/gcc/arm-none-eabi/4.9.3/../../../../arm-none-eabi/lib/armv6-m/libc_nano.a(lib_a-memset.o)
                0x0001c210                memset
 .text._exit    0x0001c220        0x4 /home/marco/ARMToolchain/gcc-arm-none-eabi-4_9-2015q2/bin/../lib/gcc/arm-none-eabi/4.9.3/../../../../arm-none-eabi/lib/armv6-m/libnosys.a(_exit.o)
                0x0001c220                _exit
 .text.app_error_handler
                0x0001c224       0x18 _build/app_error.o
                0x0001c224                app_error_handler
 .text.app_fifo_init
                0x0001c23c       0x28 _build/app_fifo.o
                0x0001c23c                app_fifo_init
 .text.app_fifo_put
                0x0001c264       0x28 _build/app_fifo.o
                0x0001c264                app_fifo_put
 .text.app_fifo_get
                0x0001c28c       0x24 _build/app_fifo.o
                0x0001c28c                app_fifo_get
 .text.rtc1_stop
                0x0001c2b0       0x78 _build/app_timer.o
 .text.RTC1_IRQHandler
                0x0001c328       0xe0 _build/app_timer.o
                0x0001c328                RTC1_IRQHandler
 .text.SWI0_IRQHandler
                0x0001c408      0x448 _build/app_timer.o
                0x0001c408                SWI0_IRQHandler
 .text.app_timer_init
                0x0001c850       0xe4 _build/app_timer.o
                0x0001c850                app_timer_init
 .text.uart_event_handler
                0x0001c934       0xc0 _build/app_uart_fifo.o
 .text.app_uart_init
                0x0001c9f4       0xa4 _build/app_uart_fifo.o
                0x0001c9f4                app_uart_init
 .text.app_uart_get
                0x0001ca98       0x34 _build/app_uart_fifo.o
                0x0001ca98                app_uart_get
 .text.app_uart_put
                0x0001cacc       0x28 _build/app_uart_fifo.o
                0x0001cacc                app_uart_put
 .text.nrf_drv_common_irq_enable
                0x0001caf4       0x80 _build/nrf_drv_common.o
                0x0001caf4                nrf_drv_common_irq_enable
 .text.GPIOTE_IRQHandler
                0x0001cb74      0x3bc _build/nrf_drv_gpiote.o
                0x0001cb74                GPIOTE_IRQHandler
 .text.nrf_drv_uart_init
                0x0001cf30      0x110 _build/nrf_drv_uart.o
                0x0001cf30                nrf_drv_uart_init
 .text.nrf_drv_uart_tx
                0x0001d040       0xb4 _build/nrf_drv_uart.o
                0x0001d040                nrf_drv_uart_tx
 .text.nrf_drv_uart_rx
                0x0001d0f4      0x108 _build/nrf_drv_uart.o
                0x0001d0f4                nrf_drv_uart_rx
 .text.nrf_drv_uart_rx_enable
                0x0001d1fc       0x2c _build/nrf_drv_uart.o
                0x0001d1fc                nrf_drv_uart_rx_enable
 .text.UART0_IRQHandler
                0x0001d228      0x16c _build/nrf_drv_uart.o
                0x0001d228                UART0_IRQHandler
 .text.util_address_to_string
                0x0001d394      0x100 _build/util.o
                0x0001d394                util_address_to_string
 .text.sd_nvic_SystemReset
                0x0001d494        0x4 _build/uart_manager.o
 .text.uart_event_handler
                0x0001d498      0x260 _build/uart_manager.o
 .text.uart_init
                0x0001d6f8       0x4c _build/uart_manager.o
                0x0001d6f8                uart_init
 .text.uart_send_string
                0x0001d744       0x20 _build/uart_manager.o
                0x0001d744                uart_send_string
 .text.uart_reset
                0x0001d764        0xc _build/uart_manager.o
                0x0001d764                uart_reset
 .text.sd_ble_gap_conn_param_update
                0x0001d770        0x4 _build/conn_manager.o
 .text.sd_ble_gap_disconnect
                0x0001d774        0x4 _build/conn_manager.o
 .text.sd_ble_gap_sec_params_reply
                0x0001d778        0x4 _build/conn_manager.o
 .text.sd_ble_gap_scan_start
                0x0001d77c        0x4 _build/conn_manager.o
 .text.sd_ble_gap_scan_stop
                0x0001d780        0x4 _build/conn_manager.o
 .text.sd_ble_gap_connect
                0x0001d784        0x4 _build/conn_manager.o
 .text.sd_ble_enable
                0x0001d788        0x4 _build/conn_manager.o
 .text.sd_ble_uuid_decode
                0x0001d78c        0x4 _build/conn_manager.o
 .text.ble_nus_c_evt_handler
                0x0001d790       0x84 _build/conn_manager.o
 .text.ble_c_evt_dispatch
                0x0001d814      0x2c0 _build/conn_manager.o
 .text.conn_init
                0x0001dad4       0xbc _build/conn_manager.o
                0x0001dad4                conn_init
 .text.conn_start_scan
                0x0001db90       0x24 _build/conn_manager.o
                0x0001db90                conn_start_scan
 .text.conn_stop_scan
                0x0001dbb4        0x8 _build/conn_manager.o
                0x0001dbb4                conn_stop_scan
 .text.conn_switch_conn
                0x0001dbbc       0x28 _build/conn_manager.o
                0x0001dbbc                conn_switch_conn
 .text.conn_request_connection
                0x0001dbe4       0x44 _build/conn_manager.o
                0x0001dbe4                conn_request_connection
 .text.conn_drop_connection
                0x0001dc28       0x40 _build/conn_manager.o
                0x0001dc28                conn_drop_connection
 .text.conn_send_data_nus
                0x0001dc68       0x24 _build/conn_manager.o
                0x0001dc68                conn_send_data_nus
 .text.conn_send_num_found_devices
                0x0001dc8c       0x30 _build/conn_manager.o
                0x0001dc8c                conn_send_num_found_devices
 .text.conn_send_found_device
                0x0001dcbc       0x7c _build/conn_manager.o
                0x0001dcbc                conn_send_found_device
 .text.sd_app_evt_wait
                0x0001dd38        0x4 _build/main.o
 .text.assert_nrf_callback
                0x0001dd3c       0x14 _build/main.o
                0x0001dd3c                assert_nrf_callback
 .text.startup.main
                0x0001dd50       0x44 _build/main.o
                0x0001dd50                main
 .text.sd_ble_gattc_primary_services_discover
                0x0001dd94        0x4 _build/ble_db_discovery.o
 .text.sd_ble_gattc_characteristics_discover
                0x0001dd98        0x4 _build/ble_db_discovery.o
 .text.sd_ble_gattc_descriptors_discover
                0x0001dd9c        0x4 _build/ble_db_discovery.o
 .text.discovery_complete_evt_trigger
                0x0001dda0       0xfc _build/ble_db_discovery.o
 .text.descriptors_discover
                0x0001de9c       0xb4 _build/ble_db_discovery.o
 .text.on_srv_disc_completion
                0x0001df50      0x12c _build/ble_db_discovery.o
 .text.ble_db_discovery_init
                0x0001e07c       0x20 _build/ble_db_discovery.o
                0x0001e07c                ble_db_discovery_init
 .text.ble_db_discovery_evt_register
                0x0001e09c       0x54 _build/ble_db_discovery.o
                0x0001e09c                ble_db_discovery_evt_register
 .text.ble_db_discovery_start
                0x0001e0f0       0x6c _build/ble_db_discovery.o
                0x0001e0f0                ble_db_discovery_start
 .text.ble_db_discovery_on_ble_evt
                0x0001e15c      0x640 _build/ble_db_discovery.o
                0x0001e15c                ble_db_discovery_on_ble_evt
 .text.sd_ble_gattc_write
                0x0001e79c        0x4 _build/ble_nus_c.o
 .text.sd_ble_uuid_vs_add
                0x0001e7a0        0x4 _build/ble_nus_c.o
 .text.db_discover_evt_handler
                0x0001e7a4       0x94 _build/ble_nus_c.o
 .text.ble_nus_c_init
                0x0001e838       0x60 _build/ble_nus_c.o
                0x0001e838                ble_nus_c_init
 .text.ble_nus_c_on_ble_evt
                0x0001e898       0x7c _build/ble_nus_c.o
                0x0001e898                ble_nus_c_on_ble_evt
 .text.ble_nus_c_rx_notif_enable
                0x0001e914       0x4c _build/ble_nus_c.o
                0x0001e914                ble_nus_c_rx_notif_enable
 .text.ble_nus_c_string_send
                0x0001e960       0x48 _build/ble_nus_c.o
                0x0001e960                ble_nus_c_string_send
 .text.SystemInit
                0x0001e9a8       0x9c _build/system_nrf51.o
                0x0001e9a8                SystemInit
 .text.sd_nvic_EnableIRQ
                0x0001ea44        0x4 _build/softdevice_handler.o
 .text.sd_evt_get
                0x0001ea48        0x4 _build/softdevice_handler.o
 .text.sd_softdevice_enable
                0x0001ea4c        0x4 _build/softdevice_handler.o
 .text.sd_ble_evt_get
                0x0001ea50        0x4 _build/softdevice_handler.o
 .text.softdevice_assertion_handler
                0x0001ea54        0xc _build/softdevice_handler.o
                0x0001ea54                softdevice_assertion_handler
 .text.intern_softdevice_events_execute.part.0
                0x0001ea60       0xe0 _build/softdevice_handler.o
 .text.softdevice_handler_init
                0x0001eb40       0x4c _build/softdevice_handler.o
                0x0001eb40                softdevice_handler_init
 .text.softdevice_ble_evt_handler_set
                0x0001eb8c       0x14 _build/softdevice_handler.o
                0x0001eb8c                softdevice_ble_evt_handler_set
 .text.SWI2_IRQHandler
                0x0001eba0       0x34 _build/softdevice_handler.o
                0x0001eba0                SWI2_IRQHandler
 .text          0x0001ebd4       0x54 _build/gcc_startup_nrf51.o
                0x0001ebd4                Reset_Handler
                0x0001ec1c                NMI_Handler
                0x0001ec1e                HardFault_Handler
                0x0001ec20                SVC_Handler
                0x0001ec22                PendSV_Handler
                0x0001ec24                SysTick_Handler
                0x0001ec26                TIMER2_IRQHandler
                0x0001ec26                SPI0_TWI0_IRQHandler
                0x0001ec26                RTC0_IRQHandler
                0x0001ec26                POWER_CLOCK_IRQHandler
                0x0001ec26                RADIO_IRQHandler
                0x0001ec26                LPCOMP_IRQHandler
                0x0001ec26                SWI4_IRQHandler
                0x0001ec26                TEMP_IRQHandler
                0x0001ec26                QDEC_IRQHandler
                0x0001ec26                SWI5_IRQHandler
                0x0001ec26                TIMER0_IRQHandler
                0x0001ec26                TIMER1_IRQHandler
                0x0001ec26                ECB_IRQHandler
                0x0001ec26                Default_Handler
                0x0001ec26                ADC_IRQHandler
                0x0001ec26                SWI3_IRQHandler
                0x0001ec26                CCM_AAR_IRQHandler
                0x0001ec26                WDT_IRQHandler
                0x0001ec26                RNG_IRQHandler
                0x0001ec26                SPI1_TWI1_IRQHandler
                0x0001ec26                SWI1_IRQHandler
 .text.memcpy   0x0001ec28       0x12 /home/marco/ARMToolchain/gcc-arm-none-eabi-4_9-2015q2/bin/../lib/gcc/arm-none-eabi/4.9.3/../../../../arm-none-eabi/lib/armv6-m/libc_nano.a(lib_a-memcpy.o)
                0x0001ec28                memcpy
 .text.strncmp  0x0001ec3a       0x28 /home/marco/ARMToolchain/gcc-arm-none-eabi-4_9-2015q2/bin/../lib/gcc/arm-none-eabi/4.9.3/../../../../arm-none-eabi/lib/armv6-m/libc_nano.a(lib_a-strncmp.o)
                0x0001ec3a                strncmp
 .text.strncpy  0x0001ec62       0x28 /home/marco/ARMToolchain/gcc-arm-none-eabi-4_9-2015q2/bin/../lib/gcc/arm-none-eabi/4.9.3/../../../../arm-none-eabi/lib/armv6-m/libc_nano.a(lib_a-strncpy.o)
                0x0001ec62                strncpy
 *(.init)
 *fill*         0x0001ec8a        0x2 
 .init          0x0001ec8c        0x4 /home/marco/ARMToolchain/gcc-arm-none-eabi-4_9-2015q2/bin/../lib/gcc/arm-none-eabi/4.9.3/armv6-m/crti.o
                0x0001ec8c                _init
 .init          0x0001ec90        0x8 /home/marco/ARMToolchain/gcc-arm-none-eabi-4_9-2015q2/bin/../lib/gcc/arm-none-eabi/4.9.3/armv6-m/crtn.o
 *(.fini)
 .fini          0x0001ec98        0x4 /home/marco/ARMToolchain/gcc-arm-none-eabi-4_9-2015q2/bin/../lib/gcc/arm-none-eabi/4.9.3/armv6-m/crti.o
                0x0001ec98                _fini
 .fini          0x0001ec9c        0x8 /home/marco/ARMToolchain/gcc-arm-none-eabi-4_9-2015q2/bin/../lib/gcc/arm-none-eabi/4.9.3/armv6-m/crtn.o
 *crtbegin.o(.ctors)
 *crtbegin?.o(.ctors)
 *(EXCLUDE_FILE(*crtend.o *crtend?.o) .ctors)
 *(SORT(.ctors.*))
 *(.ctors)
 *crtbegin.o(.dtors)
 *crtbegin?.o(.dtors)
 *(EXCLUDE_FILE(*crtend.o *crtend?.o) .dtors)
 *(SORT(.dtors.*))
 *(.dtors)
 *(.rodata*)
 .rodata.str1.1
                0x0001eca4        0x2 /home/marco/ARMToolchain/gcc-arm-none-eabi-4_9-2015q2/bin/../lib/gcc/arm-none-eabi/4.9.3/../../../../arm-none-eabi/lib/armv6-m/libc_nano.a(lib_a-impure.o)
 *fill*         0x0001eca6        0x2 
 .rodata._global_impure_ptr
                0x0001eca8        0x4 /home/marco/ARMToolchain/gcc-arm-none-eabi-4_9-2015q2/bin/../lib/gcc/arm-none-eabi/4.9.3/../../../../arm-none-eabi/lib/armv6-m/libc_nano.a(lib_a-impure.o)
                0x0001eca8                _global_impure_ptr
 .rodata        0x0001ecac       0x20 _build/app_uart_fifo.o
 .rodata.m_default_config
                0x0001eccc       0x20 _build/nrf_drv_uart.o
 .rodata        0x0001ecec        0xc _build/uart_manager.o
 .rodata.str1.4
                0x0001ecf8       0x58 _build/uart_manager.o
 .rodata.ble_c_evt_dispatch
                0x0001ed50       0x38 _build/conn_manager.o
 .rodata.m_connection_param
                0x0001ed88        0x8 _build/conn_manager.o
 .rodata.str1.4
                0x0001ed90       0x22 _build/conn_manager.o
 *fill*         0x0001edb2        0x2 
 .rodata.m_scan_params
                0x0001edb4       0x10 _build/conn_manager.o
 .rodata.str1.4
                0x0001edc4        0x8 _build/main.o
 .rodata.ble_db_discovery_on_ble_evt
                0x0001edcc       0x90 _build/ble_db_discovery.o
 .rodata        0x0001ee5c       0x10 _build/ble_nus_c.o
 *(.eh_frame*)
 .eh_frame      0x0001ee6c        0x0 /home/marco/ARMToolchain/gcc-arm-none-eabi-4_9-2015q2/bin/../lib/gcc/arm-none-eabi/4.9.3/armv6-m/crtbegin.o
                0x0001ee6c                . = ALIGN (0x4)

.glue_7         0x0001ee6c        0x0
 .glue_7        0x00000000        0x0 linker stubs

.glue_7t        0x0001ee6c        0x0
 .glue_7t       0x00000000        0x0 linker stubs

.vfp11_veneer   0x0001ee6c        0x0
 .vfp11_veneer  0x00000000        0x0 linker stubs

.v4_bx          0x0001ee6c        0x0
 .v4_bx         0x00000000        0x0 linker stubs

.iplt           0x0001ee6c        0x0
 .iplt          0x00000000        0x0 /home/marco/ARMToolchain/gcc-arm-none-eabi-4_9-2015q2/bin/../lib/gcc/arm-none-eabi/4.9.3/armv6-m/crtbegin.o

.ARM.extab      0x0001ee6c        0x0
 *(.ARM.extab* .gnu.linkonce.armextab.*)
                0x0001ee6c                . = ALIGN (0x4)
                0x0001ee6c                __exidx_start = .

.ARM.exidx      0x0001ee6c        0x8
 *(.ARM.exidx* .gnu.linkonce.armexidx.*)
 .ARM.exidx     0x0001ee6c        0x8 /home/marco/ARMToolchain/gcc-arm-none-eabi-4_9-2015q2/bin/../lib/gcc/arm-none-eabi/4.9.3/../../../../arm-none-eabi/lib/armv6-m/crt0.o
 .ARM.exidx     0x0001ee74        0x0 _build/gcc_startup_nrf51.o
                                  0x8 (size before relaxing)
                0x0001ee74                . = ALIGN (0x4)
                0x0001ee74                __exidx_end = .
                0x0001ee74                __etext = .

.rel.dyn        0x0001ee74        0x0
 .rel.iplt      0x00000000        0x0 /home/marco/ARMToolchain/gcc-arm-none-eabi-4_9-2015q2/bin/../lib/gcc/arm-none-eabi/4.9.3/armv6-m/crtbegin.o

.data           0x20002800       0x6c load address 0x0001ee74
                0x20002800                __data_start__ = .
 *(vtable)
 *(.data*)
 .data.impure_data
                0x20002800       0x60 /home/marco/ARMToolchain/gcc-arm-none-eabi-4_9-2015q2/bin/../lib/gcc/arm-none-eabi/4.9.3/../../../../arm-none-eabi/lib/armv6-m/libc_nano.a(lib_a-impure.o)
 .data.is_command_mode
                0x20002860        0x1 _build/uart_manager.o
 .data.pending_nus_conn_index
                0x20002861        0x1 _build/conn_manager.o
                0x20002864                . = ALIGN (0x4)
 *fill*         0x20002862        0x2 
                0x20002864                PROVIDE (__preinit_array_start, .)
 *(.preinit_array)
                0x20002864                PROVIDE (__preinit_array_end, .)
                0x20002864                . = ALIGN (0x4)
                0x20002864                PROVIDE (__init_array_start, .)
 *(SORT(.init_array.*))
 *(.init_array)
 .init_array    0x20002864        0x4 /home/marco/ARMToolchain/gcc-arm-none-eabi-4_9-2015q2/bin/../lib/gcc/arm-none-eabi/4.9.3/armv6-m/crtbegin.o
                0x20002868                PROVIDE (__init_array_end, .)
                0x20002868                . = ALIGN (0x4)
                0x20002868                PROVIDE (__fini_array_start, .)
 *(SORT(.fini_array.*))
 *(.fini_array)
 .fini_array    0x20002868        0x4 /home/marco/ARMToolchain/gcc-arm-none-eabi-4_9-2015q2/bin/../lib/gcc/arm-none-eabi/4.9.3/armv6-m/crtbegin.o
                0x2000286c                PROVIDE (__fini_array_end, .)
 *(.jcr)
 .jcr           0x2000286c        0x0 /home/marco/ARMToolchain/gcc-arm-none-eabi-4_9-2015q2/bin/../lib/gcc/arm-none-eabi/4.9.3/armv6-m/crtbegin.o
                0x2000286c                . = ALIGN (0x4)
                0x2000286c                __data_end__ = .

.igot.plt       0x2000286c        0x0 load address 0x0001eee0
 .igot.plt      0x00000000        0x0 /home/marco/ARMToolchain/gcc-arm-none-eabi-4_9-2015q2/bin/../lib/gcc/arm-none-eabi/4.9.3/armv6-m/crtbegin.o

.bss            0x2000286c      0x5f8 load address 0x0001eee0
                0x2000286c                . = ALIGN (0x4)
                0x2000286c                __bss_start__ = .
 *(.bss*)
 .bss           0x2000286c       0x1c /home/marco/ARMToolchain/gcc-arm-none-eabi-4_9-2015q2/bin/../lib/gcc/arm-none-eabi/4.9.3/armv6-m/crtbegin.o
 .bss.m_ticks_latest
                0x20002888        0x4 _build/app_timer.o
 .bss.mp_timer_id_head
                0x2000288c        0x4 _build/app_timer.o
 .bss.m_evt_schedule_func
                0x20002890        0x4 _build/app_timer.o
 .bss.m_user_array_size
                0x20002894        0x1 _build/app_timer.o
 *fill*         0x20002895        0x3 
 .bss.mp_users  0x20002898        0x4 _build/app_timer.o
 .bss.m_ticks_elapsed_q_read_ind
                0x2000289c        0x1 _build/app_timer.o
 .bss.m_ticks_elapsed_q_write_ind
                0x2000289d        0x1 _build/app_timer.o
 .bss.m_rtc1_reset
                0x2000289e        0x1 _build/app_timer.o
 *fill*         0x2000289f        0x1 
 .bss.m_ticks_elapsed
                0x200028a0        0x8 _build/app_timer.o
 .bss.m_rtc1_running
                0x200028a8        0x1 _build/app_timer.o
 *fill*         0x200028a9        0x3 
 .bss.tx_buffer
                0x200028ac        0x1 _build/app_uart_fifo.o
 *fill*         0x200028ad        0x3 
 .bss.m_event_handler
                0x200028b0        0x4 _build/app_uart_fifo.o
 .bss.rx_buffer
                0x200028b4        0x1 _build/app_uart_fifo.o
 *fill*         0x200028b5        0x3 
 .bss.m_tx_fifo
                0x200028b8       0x10 _build/app_uart_fifo.o
 .bss.m_rx_fifo
                0x200028c8       0x10 _build/app_uart_fifo.o
 .bss.tx_tmp    0x200028d8        0x1 _build/app_uart_fifo.o
 *fill*         0x200028d9        0x3 
 .bss.m_cb      0x200028dc       0x48 _build/nrf_drv_gpiote.o
 .bss.m_cb      0x20002924       0x18 _build/nrf_drv_uart.o
 .bss.tx_buf.6526
                0x2000293c      0x100 _build/uart_manager.o
 .bss.uart_cmd_buff
                0x20002a3c       0x10 _build/uart_manager.o
 .bss.rx_buf.6525
                0x20002a4c        0x1 _build/uart_manager.o
 .bss.uart_cmd_buff_index
                0x20002a4d        0x1 _build/uart_manager.o
 *fill*         0x20002a4e        0x2 
 .bss.active_conn_handles
                0x20002a50        0xc _build/conn_manager.o
 .bss.BLE_EVT_BUFFER.8222
                0x20002a5c       0x48 _build/conn_manager.o
 .bss.m_ble_db_discovery
                0x20002aa4       0x7c _build/conn_manager.o
 .bss.found_devices
                0x20002b20       0xae _build/conn_manager.o
 .bss.devices_list_index
                0x20002bce        0x1 _build/conn_manager.o
 *fill*         0x20002bcf        0x1 
 .bss.m_ble_nus_c
                0x20002bd0       0x10 _build/conn_manager.o
 .bss.APP_TIMER_BUF.6673
                0x20002be0      0x1c8 _build/main.o
 .bss.m_pending_user_evts
                0x20002da8       0x88 _build/ble_db_discovery.o
 .bss.m_pending_usr_evt_index
                0x20002e30        0x4 _build/ble_db_discovery.o
 .bss.m_registered_handlers
                0x20002e34       0x10 _build/ble_db_discovery.o
 .bss.m_initialized
                0x20002e44        0x1 _build/ble_db_discovery.o
 *fill*         0x20002e45        0x3 
 .bss.m_num_of_handlers_reg
                0x20002e48        0x4 _build/ble_db_discovery.o
 .bss.mp_ble_nus_c
                0x20002e4c        0x4 _build/ble_nus_c.o
 .bss.m_softdevice_enabled
                0x20002e50        0x1 _build/softdevice_handler.o
 *fill*         0x20002e51        0x1 
 .bss.m_ble_evt_buffer_size
                0x20002e52        0x2 _build/softdevice_handler.o
 .bss.mp_ble_evt_buffer
                0x20002e54        0x4 _build/softdevice_handler.o
 .bss.m_sys_evt_handler
                0x20002e58        0x4 _build/softdevice_handler.o
 .bss.m_ble_evt_handler
                0x20002e5c        0x4 _build/softdevice_handler.o
 .bss.m_evt_schedule_func
                0x20002e60        0x4 _build/softdevice_handler.o
 *(COMMON)
                0x20002e64                . = ALIGN (0x4)
                0x20002e64                __bss_end__ = .

.heap           0x20002e68        0x0
                0x20002e68                __end__ = .
                0x20002e68                end = __end__
 *(.heap*)
 .heap          0x20002e68        0x0 _build/gcc_startup_nrf51.o
                0x20002e68                __HeapLimit = .

.stack_dummy    0x20002e68      0x800
 *(.stack*)
 .stack         0x20002e68      0x800 _build/gcc_startup_nrf51.o
                0x20008000                __StackTop = (ORIGIN (RAM) + 0x5800)
                0x20007800                __StackLimit = (__StackTop - SIZEOF (.stack_dummy))
                0x20008000                PROVIDE (__stack, __StackTop)
                0x00000001                ASSERT ((__StackLimit >= __HeapLimit), region RAM overflowed with stack)
OUTPUT(_build/nrf51_multi_nus_central_s130_pca10028.out elf32-littlearm)

.ARM.attributes
                0x00000000       0x28
 .ARM.attributes
                0x00000000       0x1e /home/marco/ARMToolchain/gcc-arm-none-eabi-4_9-2015q2/bin/../lib/gcc/arm-none-eabi/4.9.3/armv6-m/crti.o
 .ARM.attributes
                0x0000001e       0x2c /home/marco/ARMToolchain/gcc-arm-none-eabi-4_9-2015q2/bin/../lib/gcc/arm-none-eabi/4.9.3/armv6-m/crtbegin.o
 .ARM.attributes
                0x0000004a       0x1b /home/marco/ARMToolchain/gcc-arm-none-eabi-4_9-2015q2/bin/../lib/gcc/arm-none-eabi/4.9.3/../../../../arm-none-eabi/lib/armv6-m/crt0.o
 .ARM.attributes
                0x00000065       0x2c /home/marco/ARMToolchain/gcc-arm-none-eabi-4_9-2015q2/bin/../lib/gcc/arm-none-eabi/4.9.3/../../../../arm-none-eabi/lib/armv6-m/libc_nano.a(lib_a-exit.o)
 .ARM.attributes
                0x00000091       0x2c /home/marco/ARMToolchain/gcc-arm-none-eabi-4_9-2015q2/bin/../lib/gcc/arm-none-eabi/4.9.3/../../../../arm-none-eabi/lib/armv6-m/libc_nano.a(lib_a-impure.o)
 .ARM.attributes
                0x000000bd       0x2c /home/marco/ARMToolchain/gcc-arm-none-eabi-4_9-2015q2/bin/../lib/gcc/arm-none-eabi/4.9.3/../../../../arm-none-eabi/lib/armv6-m/libc_nano.a(lib_a-init.o)
 .ARM.attributes
                0x000000e9       0x2c /home/marco/ARMToolchain/gcc-arm-none-eabi-4_9-2015q2/bin/../lib/gcc/arm-none-eabi/4.9.3/../../../../arm-none-eabi/lib/armv6-m/libc_nano.a(lib_a-memset.o)
 .ARM.attributes
                0x00000115       0x2c /home/marco/ARMToolchain/gcc-arm-none-eabi-4_9-2015q2/bin/../lib/gcc/arm-none-eabi/4.9.3/../../../../arm-none-eabi/lib/armv6-m/libnosys.a(_exit.o)
 .ARM.attributes
                0x00000141       0x31 _build/app_error.o
 .ARM.attributes
                0x00000172       0x31 _build/app_fifo.o
 .ARM.attributes
                0x000001a3       0x31 _build/app_timer.o
 .ARM.attributes
                0x000001d4       0x31 _build/app_uart_fifo.o
 .ARM.attributes
                0x00000205       0x31 _build/nrf_drv_common.o
 .ARM.attributes
                0x00000236       0x31 _build/nrf_drv_gpiote.o
 .ARM.attributes
                0x00000267       0x31 _build/nrf_drv_uart.o
 .ARM.attributes
                0x00000298       0x31 _build/util.o
 .ARM.attributes
                0x000002c9       0x31 _build/uart_manager.o
 .ARM.attributes
                0x000002fa       0x31 _build/conn_manager.o
 .ARM.attributes
                0x0000032b       0x31 _build/main.o
 .ARM.attributes
                0x0000035c       0x31 _build/ble_db_discovery.o
 .ARM.attributes
                0x0000038d       0x31 _build/ble_nus_c.o
 .ARM.attributes
                0x000003be       0x31 _build/system_nrf51.o
 .ARM.attributes
                0x000003ef       0x31 _build/softdevice_handler.o
 .ARM.attributes
                0x00000420       0x1b _build/gcc_startup_nrf51.o
 .ARM.attributes
                0x0000043b       0x2c /home/marco/ARMToolchain/gcc-arm-none-eabi-4_9-2015q2/bin/../lib/gcc/arm-none-eabi/4.9.3/../../../../arm-none-eabi/lib/armv6-m/libc_nano.a(lib_a-memcpy.o)
 .ARM.attributes
                0x00000467       0x2c /home/marco/ARMToolchain/gcc-arm-none-eabi-4_9-2015q2/bin/../lib/gcc/arm-none-eabi/4.9.3/../../../../arm-none-eabi/lib/armv6-m/libc_nano.a(lib_a-strncmp.o)
 .ARM.attributes
                0x00000493       0x2c /home/marco/ARMToolchain/gcc-arm-none-eabi-4_9-2015q2/bin/../lib/gcc/arm-none-eabi/4.9.3/../../../../arm-none-eabi/lib/armv6-m/libc_nano.a(lib_a-strncpy.o)
 .ARM.attributes
                0x000004bf       0x1e /home/marco/ARMToolchain/gcc-arm-none-eabi-4_9-2015q2/bin/../lib/gcc/arm-none-eabi/4.9.3/armv6-m/crtn.o

.comment        0x00000000       0x70
 .comment       0x00000000       0x70 _build/app_error.o
                                 0x71 (size before relaxing)
 .comment       0x00000000       0x71 _build/app_fifo.o
 .comment       0x00000000       0x71 _build/app_timer.o
 .comment       0x00000000       0x71 _build/app_uart_fifo.o
 .comment       0x00000000       0x71 _build/nrf_drv_common.o
 .comment       0x00000000       0x71 _build/nrf_drv_gpiote.o
 .comment       0x00000000       0x71 _build/nrf_drv_uart.o
 .comment       0x00000000       0x71 _build/util.o
 .comment       0x00000000       0x71 _build/uart_manager.o
 .comment       0x00000000       0x71 _build/conn_manager.o
 .comment       0x00000000       0x71 _build/main.o
 .comment       0x00000000       0x71 _build/ble_db_discovery.o
 .comment       0x00000000       0x71 _build/ble_nus_c.o
 .comment       0x00000000       0x71 _build/system_nrf51.o
 .comment       0x00000000       0x71 _build/softdevice_handler.o

.debug_frame    0x00000000      0x114
 .debug_frame   0x00000000       0x28 /home/marco/ARMToolchain/gcc-arm-none-eabi-4_9-2015q2/bin/../lib/gcc/arm-none-eabi/4.9.3/../../../../arm-none-eabi/lib/armv6-m/libc_nano.a(lib_a-exit.o)
 .debug_frame   0x00000028       0x2c /home/marco/ARMToolchain/gcc-arm-none-eabi-4_9-2015q2/bin/../lib/gcc/arm-none-eabi/4.9.3/../../../../arm-none-eabi/lib/armv6-m/libc_nano.a(lib_a-init.o)
 .debug_frame   0x00000054       0x20 /home/marco/ARMToolchain/gcc-arm-none-eabi-4_9-2015q2/bin/../lib/gcc/arm-none-eabi/4.9.3/../../../../arm-none-eabi/lib/armv6-m/libc_nano.a(lib_a-memset.o)
 .debug_frame   0x00000074       0x20 /home/marco/ARMToolchain/gcc-arm-none-eabi-4_9-2015q2/bin/../lib/gcc/arm-none-eabi/4.9.3/../../../../arm-none-eabi/lib/armv6-m/libnosys.a(_exit.o)
 .debug_frame   0x00000094       0x28 /home/marco/ARMToolchain/gcc-arm-none-eabi-4_9-2015q2/bin/../lib/gcc/arm-none-eabi/4.9.3/../../../../arm-none-eabi/lib/armv6-m/libc_nano.a(lib_a-memcpy.o)
 .debug_frame   0x000000bc       0x2c /home/marco/ARMToolchain/gcc-arm-none-eabi-4_9-2015q2/bin/../lib/gcc/arm-none-eabi/4.9.3/../../../../arm-none-eabi/lib/armv6-m/libc_nano.a(lib_a-strncmp.o)
 .debug_frame   0x000000e8       0x2c /home/marco/ARMToolchain/gcc-arm-none-eabi-4_9-2015q2/bin/../lib/gcc/arm-none-eabi/4.9.3/../../../../arm-none-eabi/lib/armv6-m/libc_nano.a(lib_a-strncpy.o)
